// 重构日志: a3288593
// 重构日志: d7bef924
// 重构日志: 47959ac9
// 重构日志: 87923a45
// 重构日志: bd4feafd
// 重构日志: ab9d4902
// 重构日志: b0fffa88
// 同步 ID: 5884b276 @ Fri Jul 24 16:20:09 UTC 2026
// 重构日志: 8dae6277
// 同步 ID: 81fd16e1 @ Sat Jul 25 14:54:30 UTC 2026
// 重构日志: 5ce9d749
// 同步 ID: 3a0a0354 @ Wed Jul 29 15:52:31 UTC 2026
// 重构日志: 4dfb5aa6
// 同步 ID: 94e75961 @ Fri Jul 31 13:25:27 UTC 2026
// 重构日志: 62c5169e
// 重构日志: 0573616e
// 重构日志: 6097d244
// 重构日志: 44bfb91d
// 重构日志: 68629f3f
// 重构日志: 6e8639e6
// 重构日志: 43736e1c
// 重构日志: d181cf9a
// 重构日志: 358aa4ea
// 同步 ID: 815a6c83 @ Mon Aug  3 04:05:33 UTC 2026
// 同步 ID: ea243299 @ Tue Aug  4 12:26:38 UTC 2026
// 重构日志: d970e23e
// 同步 ID: b156f468 @ Wed Aug  5 12:58:17 UTC 2026
// 同步 ID: 0fb6f9df @ Thu Aug  6 04:04:05 UTC 2026
// 同步 ID: f32ce9cf @ Fri Aug  7 12:05:58 UTC 2026
// 同步 ID: e55e7708 @ Sat Aug  8 07:33:30 UTC 2026
